2025-12-01 21:41:29 INFO  c.c.l.LePettiteCoffeApplication - Starting LePettiteCoffeApplication using Java 17.0.16 with PID 15480 (C:\Users\Cristhian Vallejos\Documents\visual code\CC-SS-PettiteCoffee\backend\target\classes started by Cristhian Vallejos in C:\Users\Cristhian Vallejos\Documents\visual code\CC-SS-PettiteCoffee\backend)
2025-12-01 21:41:29 DEBUG c.c.l.LePettiteCoffeApplication - Running with Spring Boot v3.5.6, Spring v6.2.11
2025-12-01 21:41:29 INFO  c.c.l.LePettiteCoffeApplication - No active profile set, falling back to 1 default profile: "default"
2025-12-01 21:41:29 INFO  o.s.b.d.e.DevToolsPropertyDefaultsPostProcessor - Devtools property defaults active! Set 'spring.devtools.add-properties' to 'false' to disable
2025-12-01 21:41:29 INFO  o.s.b.d.e.DevToolsPropertyDefaultsPostProcessor - For additional web related logging consider setting the 'logging.level.web' property to 'DEBUG'
2025-12-01 21:41:30 INFO  o.s.d.r.c.RepositoryConfigurationDelegate - Bootstrapping Spring Data JPA repositories in DEFAULT mode.
2025-12-01 21:41:30 INFO  o.s.d.r.c.RepositoryConfigurationDelegate - Finished Spring Data repository scanning in 60 ms. Found 6 JPA repository interfaces.
2025-12-01 21:41:30 INFO  o.s.b.w.e.tomcat.TomcatWebServer - Tomcat initialized with port 8080 (http)
2025-12-01 21:41:30 INFO  o.a.catalina.core.StandardService - Starting service [Tomcat]
2025-12-01 21:41:30 INFO  o.a.catalina.core.StandardEngine - Starting Servlet engine: [Apache Tomcat/10.1.46]
2025-12-01 21:41:31 INFO  o.a.c.c.C.[Tomcat].[localhost].[/] - Initializing Spring embedded WebApplicationContext
2025-12-01 21:41:31 INFO  o.s.b.w.s.c.ServletWebServerApplicationContext - Root WebApplicationContext: initialization completed in 1536 ms
2025-12-01 21:41:31 INFO  o.h.jpa.internal.util.LogHelper - HHH000204: Processing PersistenceUnitInfo [name: default]
2025-12-01 21:41:31 INFO  org.hibernate.Version - HHH000412: Hibernate ORM core version 6.6.29.Final
2025-12-01 21:41:31 INFO  o.h.c.i.RegionFactoryInitiator - HHH000026: Second-level cache disabled
2025-12-01 21:41:31 INFO  o.s.o.j.p.SpringPersistenceUnitInfo - No LoadTimeWeaver setup: ignoring JPA class transformer
2025-12-01 21:41:31 INFO  com.zaxxer.hikari.HikariDataSource - HikariPool-1 - Starting...
2025-12-01 21:41:31 INFO  com.zaxxer.hikari.pool.HikariPool - HikariPool-1 - Added connection org.postgresql.jdbc.PgConnection@18dfcc96
2025-12-01 21:41:31 INFO  com.zaxxer.hikari.HikariDataSource - HikariPool-1 - Start completed.
2025-12-01 21:41:31 WARN  org.hibernate.orm.deprecation - HHH90000025: PostgreSQLDialect does not need to be specified explicitly using 'hibernate.dialect' (remove the property setting and it will be selected by default)
2025-12-01 21:41:31 INFO  o.hibernate.orm.connections.pooling - HHH10001005: Database info:
	Database JDBC URL [Connecting through datasource 'HikariDataSource (HikariPool-1)']
	Database driver: undefined/unknown
	Database version: 16.11
	Autocommit mode: undefined/unknown
	Isolation level: undefined/unknown
	Minimum pool size: undefined/unknown
	Maximum pool size: undefined/unknown
2025-12-01 21:41:32 INFO  o.h.e.t.j.p.i.JtaPlatformInitiator - HHH000489: No JTA platform available (set 'hibernate.transaction.jta.platform' to enable JTA platform integration)
2025-12-01 21:41:33 WARN  o.h.e.jdbc.spi.SqlExceptionHelper - SQL Warning Code: 0, SQLState: 00000
2025-12-01 21:41:33 WARN  o.h.e.jdbc.spi.SqlExceptionHelper - no existe la restricción «ukkhr0xt8tmqe86e3p8lc6brf4f» en la relación «cuenta», omitiendo
2025-12-01 21:41:33 WARN  o.h.e.jdbc.spi.SqlExceptionHelper - SQL Warning Code: 0, SQLState: 00000
2025-12-01 21:41:33 WARN  o.h.e.jdbc.spi.SqlExceptionHelper - no existe la restricción «ukdunoo20n0oc9d5wwwun91nx24» en la relación «producto», omitiendo
2025-12-01 21:41:33 INFO  o.s.o.j.LocalContainerEntityManagerFactoryBean - Initialized JPA EntityManagerFactory for persistence unit 'default'
2025-12-01 21:41:33 DEBUG c.c.l.Security.JwtAuthFilter - Filter 'jwtAuthFilter' configured for use
2025-12-01 21:41:33 INFO  o.s.s.c.a.a.c.InitializeAuthenticationProviderBeanManagerConfigurer$InitializeAuthenticationProviderManagerConfigurer - Global AuthenticationManager configured with AuthenticationProvider bean with name authenticationProvider
2025-12-01 21:41:33 WARN  o.s.s.c.a.a.c.InitializeUserDetailsBeanManagerConfigurer$InitializeUserDetailsManagerConfigurer - Global AuthenticationManager configured with an AuthenticationProvider bean. UserDetailsService beans will not be used by Spring Security for automatically configuring username/password login. Consider removing the AuthenticationProvider bean. Alternatively, consider using the UserDetailsService in a manually instantiated DaoAuthenticationProvider. If the current configuration is intentional, to turn off this warning, increase the logging level of 'org.springframework.security.config.annotation.authentication.configuration.InitializeUserDetailsBeanManagerConfigurer' to ERROR
2025-12-01 21:41:33 WARN  o.s.b.a.o.j.JpaBaseConfiguration$JpaWebConfiguration - spring.jpa.open-in-view is enabled by default. Therefore, database queries may be performed during view rendering. Explicitly configure spring.jpa.open-in-view to disable this warning
2025-12-01 21:41:34 INFO  o.s.b.a.e.web.EndpointLinksResolver - Exposing 1 endpoint beneath base path '/actuator'
2025-12-01 21:41:34 INFO  o.s.b.d.a.OptionalLiveReloadServer - LiveReload server is running on port 35729
2025-12-01 21:41:34 INFO  o.s.b.w.e.tomcat.TomcatWebServer - Tomcat started on port 8080 (http) with context path '/'
2025-12-01 21:41:34 INFO  c.c.l.LePettiteCoffeApplication - Started LePettiteCoffeApplication in 5.587 seconds (process running for 6.075)
2025-12-01 21:44:31 INFO  o.a.c.c.C.[Tomcat].[localhost].[/] - Initializing Spring DispatcherServlet 'dispatcherServlet'
2025-12-01 21:44:31 INFO  o.s.web.servlet.DispatcherServlet - Initializing Servlet 'dispatcherServlet'
2025-12-01 21:44:31 INFO  o.s.web.servlet.DispatcherServlet - Completed initialization in 2 ms
2025-12-01 21:47:40 INFO  c.c.l.Controller.ProductController - Solicitud para obtener todos los productos desde http://localhost:8080/images/productos/
2025-12-01 21:47:46 INFO  c.c.l.Controller.ProductController - Intento de solicitar lista de reviews
2025-12-01 21:47:46 INFO  c.c.l.Controller.ProductController - Todas las reviews obtenidas
2025-12-01 21:47:46 INFO  c.c.l.Controller.ProductController - Intento de solicitar lista de reviews
2025-12-01 21:47:46 INFO  c.c.l.Controller.ProductController - Todas las reviews obtenidas
2025-12-01 21:47:50 INFO  c.c.l.Controller.ProductController - Solicitud para obtener todos los productos desde http://localhost:8080/images/productos/
2025-12-01 21:47:58 INFO  c.c.l.Controller.ProductController - Solicitud para obtener todos los productos desde http://localhost:8080/images/productos/
2025-12-01 21:48:19 INFO  o.s.b.w.e.tomcat.GracefulShutdown - Commencing graceful shutdown. Waiting for active requests to complete
2025-12-01 21:48:19 INFO  o.s.b.w.e.tomcat.GracefulShutdown - Graceful shutdown complete
2025-12-01 21:48:19 INFO  o.s.o.j.LocalContainerEntityManagerFactoryBean - Closing JPA EntityManagerFactory for persistence unit 'default'
2025-12-01 21:48:19 INFO  com.zaxxer.hikari.HikariDataSource - HikariPool-1 - Shutdown initiated...
2025-12-01 21:48:19 INFO  com.zaxxer.hikari.HikariDataSource - HikariPool-1 - Shutdown completed.
2025-12-01 22:49:52 INFO  c.c.l.LePettiteCoffeApplicationTests - Starting LePettiteCoffeApplicationTests using Java 21.0.9 with PID 1780 (started by Cristhian Vallejos in C:\Users\Cristhian Vallejos\Documents\visual code\CC-SS-PettiteCoffee\backend)
2025-12-01 22:49:52 DEBUG c.c.l.LePettiteCoffeApplicationTests - Running with Spring Boot v3.5.6, Spring v6.2.11
2025-12-01 22:49:52 INFO  c.c.l.LePettiteCoffeApplicationTests - No active profile set, falling back to 1 default profile: "default"
2025-12-01 22:49:58 INFO  o.s.d.r.c.RepositoryConfigurationDelegate - Bootstrapping Spring Data JPA repositories in DEFAULT mode.
2025-12-01 22:49:58 INFO  o.s.d.r.c.RepositoryConfigurationDelegate - Finished Spring Data repository scanning in 325 ms. Found 6 JPA repository interfaces.
2025-12-01 22:50:04 INFO  o.h.jpa.internal.util.LogHelper - HHH000204: Processing PersistenceUnitInfo [name: default]
2025-12-01 22:50:04 INFO  org.hibernate.Version - HHH000412: Hibernate ORM core version 6.6.29.Final
2025-12-01 22:50:04 INFO  o.h.c.i.RegionFactoryInitiator - HHH000026: Second-level cache disabled
2025-12-01 22:50:07 INFO  o.s.o.j.p.SpringPersistenceUnitInfo - No LoadTimeWeaver setup: ignoring JPA class transformer
2025-12-01 22:50:07 INFO  com.zaxxer.hikari.HikariDataSource - HikariPool-1 - Starting...
2025-12-01 22:50:08 INFO  com.zaxxer.hikari.pool.HikariPool - HikariPool-1 - Added connection org.postgresql.jdbc.PgConnection@174e1b99
2025-12-01 22:50:08 INFO  com.zaxxer.hikari.HikariDataSource - HikariPool-1 - Start completed.
2025-12-01 22:50:08 WARN  org.hibernate.orm.deprecation - HHH90000025: PostgreSQLDialect does not need to be specified explicitly using 'hibernate.dialect' (remove the property setting and it will be selected by default)
2025-12-01 22:50:09 INFO  o.hibernate.orm.connections.pooling - HHH10001005: Database info:
	Database JDBC URL [Connecting through datasource 'HikariDataSource (HikariPool-1)']
	Database driver: undefined/unknown
	Database version: 16.11
	Autocommit mode: undefined/unknown
	Isolation level: undefined/unknown
	Minimum pool size: undefined/unknown
	Maximum pool size: undefined/unknown
2025-12-01 22:50:17 INFO  o.h.e.t.j.p.i.JtaPlatformInitiator - HHH000489: No JTA platform available (set 'hibernate.transaction.jta.platform' to enable JTA platform integration)
2025-12-01 22:50:19 INFO  o.s.o.j.LocalContainerEntityManagerFactoryBean - Initialized JPA EntityManagerFactory for persistence unit 'default'
2025-12-01 22:50:22 INFO  o.s.s.c.a.a.c.InitializeAuthenticationProviderBeanManagerConfigurer$InitializeAuthenticationProviderManagerConfigurer - Global AuthenticationManager configured with AuthenticationProvider bean with name authenticationProvider
2025-12-01 22:50:22 WARN  o.s.s.c.a.a.c.InitializeUserDetailsBeanManagerConfigurer$InitializeUserDetailsManagerConfigurer - Global AuthenticationManager configured with an AuthenticationProvider bean. UserDetailsService beans will not be used by Spring Security for automatically configuring username/password login. Consider removing the AuthenticationProvider bean. Alternatively, consider using the UserDetailsService in a manually instantiated DaoAuthenticationProvider. If the current configuration is intentional, to turn off this warning, increase the logging level of 'org.springframework.security.config.annotation.authentication.configuration.InitializeUserDetailsBeanManagerConfigurer' to ERROR
